// Jest Snapshot v1, https://goo.gl/fbAQLP

exports[`EditCategoryPage renders the "Edit Category" page 1`] = `
<DocumentFragment>
  <div
    class="MuiBox-root css-0"
  >
    <div
      class="MuiPaper-root MuiPaper-elevation MuiPaper-rounded MuiPaper-elevation1 css-1ps6pg7-MuiPaper-root"
    >
      <div
        class="MuiBox-root css-19midj6"
      >
        <div
          class="MuiBox-root css-1qm1lh"
        >
          <h4
            class="MuiTypography-root MuiTypography-h4 css-5lbw0b-MuiTypography-root"
          >
            Edit Category
          </h4>
        </div>
      </div>
      <div>
        Mocked Form Content
        <form>
          <button>
            toggle
          </button>
          <button
            type="submit"
          >
            submit
          </button>
        </form>
      </div>
    </div>
  </div>
</DocumentFragment>
`;
