// Jest Snapshot v1, https://goo.gl/fbAQLP

exports[`FormSwitch should render the FormSwitch 1`] = `
<DocumentFragment>
  <div
    class="MuiGrid-root MuiGrid-item MuiGrid-grid-xs-12 css-13i4rnv-MuiGrid-root"
  >
    <div
      class="MuiFormGroup-root css-dmmspl-MuiFormGroup-root"
    >
      <label
        class="MuiFormControlLabel-root MuiFormControlLabel-labelPlacementEnd css-j204z7-MuiFormControlLabel-root"
      >
        <span
          class="MuiSwitch-root MuiSwitch-sizeMedium css-julti5-MuiSwitch-root"
        >
          <span
            class="MuiButtonBase-root MuiSwitch-switchBase MuiSwitch-colorSecondary Mui-checked PrivateSwitchBase-root MuiSwitch-switchBase MuiSwitch-colorSecondary Mui-checked Mui-checked css-priqlz-MuiButtonBase-root-MuiSwitch-switchBase"
          >
            <input
              aria-label="controlled"
              checked=""
              class="PrivateSwitchBase-input MuiSwitch-input css-1m9pwf3"
              name="is_active"
              type="checkbox"
            />
            <span
              class="MuiSwitch-thumb css-jsexje-MuiSwitch-thumb"
            />
            <span
              class="MuiTouchRipple-root css-8je8zh-MuiTouchRipple-root"
            />
          </span>
          <span
            class="MuiSwitch-track css-1yjjitx-MuiSwitch-track"
          />
        </span>
        <span
          class="MuiTypography-root MuiTypography-body1 MuiFormControlLabel-label css-ahj2mt-MuiTypography-root"
        >
          active
        </span>
      </label>
    </div>
  </div>
</DocumentFragment>
`;
